// Jest Snapshot v1, https://goo.gl/fbAQLP

exports[`CardDisplay should match snapshot 1`] = `
<div>
  <Switch>
    <Route
      component={[Function]}
      exact={true}
      path="/people"
    />
    <Route
      component={[Function]}
      exact={true}
      path="/vehicles"
    />
    <Route
      component={[Function]}
      exact={true}
      path="/planets"
    />
    <Route
      component={[Function]}
      exact={true}
      path="/favorites"
    />
  </Switch>
  <IntroText
    film={
      Array [
        Object {
          "number": "IV",
          "releaseYear": "1977-05-25",
          "text": "It is a period of civil war.
      Rebel spaceships, striking
      from a hidden base, have won
      their first victory against
      the evil Galactic Empire.
      
      During the battle, Rebel
      spies managed to steal secret
      plans to the Empire's
      ultimate weapon, the DEATH
      STAR, an armored space
      station with enough power
      to destroy an entire planet.
      
      Pursued by the Empire's
      sinister agents, Princess
      Leia races home aboard her
      starship, custodian of the
      stolen plans that can save her
      people and restore
      freedom to the galaxy....",
          "title": "A New Hope",
        },
      ]
    }
  />
</div>
`;
